2023-03-23T11:17:13+08:00 INFO main.go:32 custom log 
